.\mvnw.cmd : The JAVA_HOME environment variable is not defined correctly, 
En línea: 1 Carácter: 73
+ ...  DE SOFTWARE\SIGMAV2-SERVICES"; .\mvnw.cmd clean compile 2>&1 | Tee-O ...
+                                     ~~~~~~~~~~~~~~~~~~~~~~~~~~~~~
    + CategoryInfo          : NotSpecified: (The JAVA_HOME e...ned correctly, :String) [], RemoteException
    + FullyQualifiedErrorId : NativeCommandError
 
this environment variable is needed to run this program. 
